// Jest Snapshot v1, https://goo.gl/fbAQLP

exports[`Info component renders correctly 1`] = `
<div>
  <header
    class="w-full flex flex-col items-center justify-center py-12 px-6 text-center bg-gradient-to-r from-secondary to-primary text-text rounded-lg shadow-xl"
  >
    <h1
      class="text-5xl font-bold mb-6"
    >
      Plan Lessons Quick and Easy
    </h1>
    <h2
      class="text-lg font-medium space-y-2"
    >
      Provide as many details as you need.
      <br />
      More details will result in a more precise plan.
      <br />
      Login to save the Lesson Plan and view it in the Lessons page.
      <br />
      Verify your email for longer responses.
      <br />
      Example will not affect your lesson.
    </h2>
  </header>
</div>
`;
