// Jest Snapshot v1, https://goo.gl/fbAQLP

exports[`Lessons component renders correctly 1`] = `
<div>
  <div>
    <h1
      class="mb-4 text-xl font-bold"
    >
      Saved Lessons
    </h1>
    <div
      class="grid lg:grid-cols-4 md:grid-cols-3 sm:grid-cols-2 grid-cols-1 gap-4"
    >
      <div
        class="flex rounded-lg border border-gray-200 bg-white shadow-md dark:border-gray-700 dark:bg-gray-800 flex-col relative overflow-y-auto max-h-96"
        data-testid="flowbite-card"
        style="background-color: transparent;"
      >
        <div
          class="flex h-full flex-col justify-center gap-4 p-6"
        >
          <button
            aria-label="Delete lesson lesson1"
            class="text-white bg-cyan-700 border border-transparent hover:bg-cyan-800 focus:ring-4 focus:ring-cyan-300 disabled:hover:bg-cyan-700 dark:bg-cyan-600 dark:hover:bg-cyan-700 dark:focus:ring-cyan-800 dark:disabled:hover:bg-cyan-600 focus:!ring-2 group flex h-min items-center justify-center p-0.5 text-center font-medium focus:z-10 rounded-lg absolute top-2 right-2 bg-red-500 hover:bg-red-600 text-red-500 hover:text-white font-bold py-1 px-2 rounded"
            type="button"
            variant="danger"
          >
            <span
              class="flex items-center rounded-md text-sm px-3 py-1.5"
            >
              <span
                class="text-lg"
              >
                ✕
              </span>
            </span>
          </button>
          <div
            class="font-normal text-gray-900 dark:text-gray-400 pl-2 whitespace-pre-wrap"
          />
        </div>
      </div>
      <div
        class="flex rounded-lg border border-gray-200 bg-white shadow-md dark:border-gray-700 dark:bg-gray-800 flex-col relative overflow-y-auto max-h-96"
        data-testid="flowbite-card"
        style="background-color: transparent;"
      >
        <div
          class="flex h-full flex-col justify-center gap-4 p-6"
        >
          <button
            aria-label="Delete lesson lesson2"
            class="text-white bg-cyan-700 border border-transparent hover:bg-cyan-800 focus:ring-4 focus:ring-cyan-300 disabled:hover:bg-cyan-700 dark:bg-cyan-600 dark:hover:bg-cyan-700 dark:focus:ring-cyan-800 dark:disabled:hover:bg-cyan-600 focus:!ring-2 group flex h-min items-center justify-center p-0.5 text-center font-medium focus:z-10 rounded-lg absolute top-2 right-2 bg-red-500 hover:bg-red-600 text-red-500 hover:text-white font-bold py-1 px-2 rounded"
            type="button"
            variant="danger"
          >
            <span
              class="flex items-center rounded-md text-sm px-3 py-1.5"
            >
              <span
                class="text-lg"
              >
                ✕
              </span>
            </span>
          </button>
          <div
            class="font-normal text-gray-900 dark:text-gray-400 pl-2 whitespace-pre-wrap"
          />
        </div>
      </div>
      <div
        class="flex rounded-lg border border-gray-200 bg-white shadow-md dark:border-gray-700 dark:bg-gray-800 flex-col relative overflow-y-auto max-h-96"
        data-testid="flowbite-card"
        style="background-color: transparent;"
      >
        <div
          class="flex h-full flex-col justify-center gap-4 p-6"
        >
          <button
            aria-label="Delete lesson lesson3"
            class="text-white bg-cyan-700 border border-transparent hover:bg-cyan-800 focus:ring-4 focus:ring-cyan-300 disabled:hover:bg-cyan-700 dark:bg-cyan-600 dark:hover:bg-cyan-700 dark:focus:ring-cyan-800 dark:disabled:hover:bg-cyan-600 focus:!ring-2 group flex h-min items-center justify-center p-0.5 text-center font-medium focus:z-10 rounded-lg absolute top-2 right-2 bg-red-500 hover:bg-red-600 text-red-500 hover:text-white font-bold py-1 px-2 rounded"
            type="button"
            variant="danger"
          >
            <span
              class="flex items-center rounded-md text-sm px-3 py-1.5"
            >
              <span
                class="text-lg"
              >
                ✕
              </span>
            </span>
          </button>
          <div
            class="font-normal text-gray-900 dark:text-gray-400 pl-2 whitespace-pre-wrap"
          />
        </div>
      </div>
    </div>
  </div>
</div>
`;
