// Jest Snapshot v1, https://goo.gl/fbAQLP

exports[`Popup component renders correctly 1`] = `
<div>
  <div
    class="fixed z-10 inset-0 overflow-y-auto"
  >
    <div
      class="flex items-end justify-center min-h-screen pt-4 px-4 pb-20 text-center sm:block sm:p-0"
    >
      <div
        aria-hidden="true"
        class="fixed inset-0 transition-opacity"
      >
        <div
          class="absolute inset-0 bg-gray-500 opacity-75"
        />
      </div>
      <span
        aria-hidden="true"
        class="hidden sm:inline-block sm:align-middle sm:h-screen"
      >
        â€‹
      </span>
      <div
        class="inline-block align-bottom bg-white rounded-lg text-left overflow-hidden shadow-xl transform transition-all sm:my-8 sm:align-middle sm:max-w-lg sm:w-full"
      >
        <div
          class="bg-white px-4 pt-5 pb-4 sm:p-6 sm:pb-4"
        >
          <div
            class="sm:flex sm:items-start"
          >
            <div
              class="mt-3 text-center sm:mt-0 sm:ml-4 sm:text-left"
            >
              <h3
                class="text-lg leading-6 font-medium text-gray-900"
              >
                API Response
              </h3>
              <div
                class="mt-2 whitespace-pre-wrap"
              >
                <p
                  class="text-sm text-gray-500"
                >
                  Test API response
                </p>
              </div>
            </div>
          </div>
        </div>
        <div
          class="bg-gray-50 px-4 py-3 sm:px-6 sm:flex sm:flex-row-reverse"
        >
          <button
            class="w-full inline-flex justify-center rounded-md border border-transparent shadow-sm px-4 py-2 bg-blue-600 text-base font-medium text-white hover:bg-blue-700 focus:outline-none focus:ring-2 focus:ring-offset-2 focus:ring-blue-500 sm:ml-3 sm:w-auto sm:text-sm"
            type="button"
          >
            Save
          </button>
          <button
            class="mt-3 w-full inline-flex justify-center rounded-md border border-gray-300 shadow-sm px-4 py-2 bg-white text-base font-medium text-gray-700 hover:bg-gray-50 focus:outline-none focus:ring-2 focus:ring-offset-2 focus:ring-indigo-500 sm:mt-0 sm:ml-3 sm:w-auto sm:text-sm"
            type="button"
          >
            Close
          </button>
        </div>
      </div>
    </div>
  </div>
</div>
`;
